../Middlewares/ST/usbx/common/usbx_device_classes/src/ux_device_class_storage_tasks_run.c:133:6:_ux_device_class_storage_tasks_run	24	static
../Middlewares/ST/usbx/common/usbx_device_classes/src/ux_device_class_storage_tasks_run.c:149:20:_ux_device_class_storage_task_usb	32	static
../Middlewares/ST/usbx/common/usbx_device_classes/src/ux_device_class_storage_tasks_run.c:316:20:_ux_device_class_storage_cbw_receive	32	static
../Middlewares/ST/usbx/common/usbx_device_classes/src/ux_device_class_storage_tasks_run.c:339:20:_ux_device_class_storage_cbw_process	32	static
../Middlewares/ST/usbx/common/usbx_device_classes/src/ux_device_class_storage_tasks_run.c:415:20:_ux_device_class_storage_cmd_process	48	static
../Middlewares/ST/usbx/common/usbx_device_classes/src/ux_device_class_storage_tasks_run.c:625:20:_ux_device_class_storage_data_cases_check	16	static
../Middlewares/ST/usbx/common/usbx_device_classes/src/ux_device_class_storage_tasks_run.c:704:20:_ux_device_class_storage_reset_wait	16	static
../Middlewares/ST/usbx/common/usbx_device_classes/src/ux_device_class_storage_tasks_run.c:724:20:_ux_device_class_storage_data_next	16	static
../Middlewares/ST/usbx/common/usbx_device_classes/src/ux_device_class_storage_tasks_run.c:885:20:_ux_device_class_storage_trans_start	32	static
../Middlewares/ST/usbx/common/usbx_device_classes/src/ux_device_class_storage_tasks_run.c:932:20:_ux_device_class_storage_trans_wait	16	static
../Middlewares/ST/usbx/common/usbx_device_classes/src/ux_device_class_storage_tasks_run.c:938:20:_ux_device_class_storage_trans_error	16	static
../Middlewares/ST/usbx/common/usbx_device_classes/src/ux_device_class_storage_tasks_run.c:969:20:_ux_device_class_storage_halt_out	16	static
../Middlewares/ST/usbx/common/usbx_device_classes/src/ux_device_class_storage_tasks_run.c:973:20:_ux_device_class_storage_halt_in	16	static
../Middlewares/ST/usbx/common/usbx_device_classes/src/ux_device_class_storage_tasks_run.c:977:20:_ux_device_class_storage_halt_trans	24	static
../Middlewares/ST/usbx/common/usbx_device_classes/src/ux_device_class_storage_tasks_run.c:985:20:_ux_device_class_storage_task_disk	32	static
../Middlewares/ST/usbx/common/usbx_device_classes/src/ux_device_class_storage_tasks_run.c:1050:20:_ux_device_class_storage_disk_start	24	static
../Middlewares/ST/usbx/common/usbx_device_classes/src/ux_device_class_storage_tasks_run.c:1083:20:_ux_device_class_storage_disk_wait	40	static
../Middlewares/ST/usbx/common/usbx_device_classes/src/ux_device_class_storage_tasks_run.c:1133:20:_ux_device_class_storage_disk_next	16	static
../Middlewares/ST/usbx/common/usbx_device_classes/src/ux_device_class_storage_tasks_run.c:1173:20:_ux_device_class_storage_disk_read_next	16	static
../Middlewares/ST/usbx/common/usbx_device_classes/src/ux_device_class_storage_tasks_run.c:1221:20:_ux_device_class_storage_disk_write_next	16	static
../Middlewares/ST/usbx/common/usbx_device_classes/src/ux_device_class_storage_tasks_run.c:1277:20:_ux_device_class_storage_disk_error	32	static
